---
source: crates/air_formatter_test/src/snapshot_builder.rs
info: r/binary_expression.R
---
# Input

```R
1 + 2 + 3 + 4

argument_that_is_quite_long + argument_that_is_quite_long + argument_that_is_quite_long + argument_that_is_quite_long

1 + 2^3 + 4

argument_that_is_quite_long + argument_that_is_quite_long^argument_that_is_quite_long + argument_that_is_quite_long

1 + # comment
  2

1 +

  # comment1

  2 # comment2

# The following expressions should have spaces
1 ~ 2
1 <- 2
1 <<- 2
1 := 2
1 -> 2
1 ->> 2
1 = 2
1 | 2
1 & 2
1 || 2
1 && 2
1 < 2
1 <= 2
1 > 2
1 >= 2
1 == 2
1 != 2
1 + 2
1 - 2
1 * 2
1 / 2
1 |> 2
1 %>% 2

# The following expressions should not have spaces
1 ? 2
1 ** 2
1 ^ 2
1 : 2

```


=============================

# Outputs

## Output 1

-----
Indent style: Tab
Indent width: 2
Line ending: LF
Line width: 80
-----

```R
1 + 2 + 3 + 4

argument_that_is_quite_long + argument_that_is_quite_long +
	argument_that_is_quite_long +
	argument_that_is_quite_long

1 + 2^3 + 4

argument_that_is_quite_long +
	argument_that_is_quite_long^argument_that_is_quite_long +
	argument_that_is_quite_long

1 + # comment
	2

1 +
	# comment1

	2 # comment2

# The following expressions should have spaces
1 ~ 2
1 <- 2
1 <<- 2
1 := 2
1 -> 2
1 ->> 2
1 = 2
1 | 2
1 & 2
1 || 2
1 && 2
1 < 2
1 <= 2
1 > 2
1 >= 2
1 == 2
1 != 2
1 + 2
1 - 2
1 * 2
1 / 2
1 |> 2
1 %>% 2

# The following expressions should not have spaces
1?2
1**2
1^2
1:2
```
