---
source: crates/air_formatter_test/src/snapshot_builder.rs
info: r/braced_expressions.R
---
# Input

```R
# Hard line break between `{}` tokens
function() {}
for (i in x) {}
if (a) {}

{}

{
  1
}

{
  # comment
}

```


=============================

# Outputs

## Output 1

-----
Indent style: Tab
Indent width: 2
Line ending: LF
Line width: 80
-----

```R
# Hard line break between `{}` tokens
function() {
}
for (i in x) {
}
if (a) {
}

{
}

{
	1
}

{
	# comment
}
```
