---
source: crates/air_r_parser/tests/spec_test.rs
expression: snapshot
---
## Input

```R
a$b
a@b

a$`b`
a@`b`

a$"b"
a@"b"

```


## AST

```
RRoot {
    bom_token: missing (optional),
    expressions: RExpressionList [
        RExtractExpression {
            left: RIdentifier {
                name_token: IDENT@0..1 "a" [] [],
            },
            operator: DOLLAR@1..2 "$" [] [],
            right: RIdentifier {
                name_token: IDENT@2..3 "b" [] [],
            },
        },
        RExtractExpression {
            left: RIdentifier {
                name_token: IDENT@3..5 "a" [Newline("\n")] [],
            },
            operator: AT@5..6 "@" [] [],
            right: RIdentifier {
                name_token: IDENT@6..7 "b" [] [],
            },
        },
        RExtractExpression {
            left: RIdentifier {
                name_token: IDENT@7..10 "a" [Newline("\n"), Newline("\n")] [],
            },
            operator: DOLLAR@10..11 "$" [] [],
            right: RIdentifier {
                name_token: IDENT@11..14 "`b`" [] [],
            },
        },
        RExtractExpression {
            left: RIdentifier {
                name_token: IDENT@14..16 "a" [Newline("\n")] [],
            },
            operator: AT@16..17 "@" [] [],
            right: RIdentifier {
                name_token: IDENT@17..20 "`b`" [] [],
            },
        },
        RExtractExpression {
            left: RIdentifier {
                name_token: IDENT@20..23 "a" [Newline("\n"), Newline("\n")] [],
            },
            operator: DOLLAR@23..24 "$" [] [],
            right: RStringValue {
                value_token: R_STRING_LITERAL@24..27 "\"b\"" [] [],
            },
        },
        RExtractExpression {
            left: RIdentifier {
                name_token: IDENT@27..29 "a" [Newline("\n")] [],
            },
            operator: AT@29..30 "@" [] [],
            right: RStringValue {
                value_token: R_STRING_LITERAL@30..33 "\"b\"" [] [],
            },
        },
    ],
    eof_token: EOF@33..34 "" [Newline("\n")] [],
}
```

## CST

```
0: R_ROOT@0..34
  0: (empty)
  1: R_EXPRESSION_LIST@0..33
    0: R_EXTRACT_EXPRESSION@0..3
      0: R_IDENTIFIER@0..1
        0: IDENT@0..1 "a" [] []
      1: DOLLAR@1..2 "$" [] []
      2: R_IDENTIFIER@2..3
        0: IDENT@2..3 "b" [] []
    1: R_EXTRACT_EXPRESSION@3..7
      0: R_IDENTIFIER@3..5
        0: IDENT@3..5 "a" [Newline("\n")] []
      1: AT@5..6 "@" [] []
      2: R_IDENTIFIER@6..7
        0: IDENT@6..7 "b" [] []
    2: R_EXTRACT_EXPRESSION@7..14
      0: R_IDENTIFIER@7..10
        0: IDENT@7..10 "a" [Newline("\n"), Newline("\n")] []
      1: DOLLAR@10..11 "$" [] []
      2: R_IDENTIFIER@11..14
        0: IDENT@11..14 "`b`" [] []
    3: R_EXTRACT_EXPRESSION@14..20
      0: R_IDENTIFIER@14..16
        0: IDENT@14..16 "a" [Newline("\n")] []
      1: AT@16..17 "@" [] []
      2: R_IDENTIFIER@17..20
        0: IDENT@17..20 "`b`" [] []
    4: R_EXTRACT_EXPRESSION@20..27
      0: R_IDENTIFIER@20..23
        0: IDENT@20..23 "a" [Newline("\n"), Newline("\n")] []
      1: DOLLAR@23..24 "$" [] []
      2: R_STRING_VALUE@24..27
        0: R_STRING_LITERAL@24..27 "\"b\"" [] []
    5: R_EXTRACT_EXPRESSION@27..33
      0: R_IDENTIFIER@27..29
        0: IDENT@27..29 "a" [Newline("\n")] []
      1: AT@29..30 "@" [] []
      2: R_STRING_VALUE@30..33
        0: R_STRING_LITERAL@30..33 "\"b\"" [] []
  2: EOF@33..34 "" [Newline("\n")] []

```
