---
source: crates/biome_r_parser/tests/spec_test.rs
expression: snapshot
---
## Input

```R
1 + 2

```


## AST

```
RRoot {
    bom_token: missing (optional),
    expressions: RExpressionList [
        RBinaryExpression {
            left: RDoubleValue {
                value_token: R_DOUBLE_LITERAL@0..1 "1" [] [],
            },
            operator_token: PLUS@1..3 "+" [Whitespace(" ")] [],
            right: RDoubleValue {
                value_token: R_DOUBLE_LITERAL@3..5 "2" [Whitespace(" ")] [],
            },
        },
    ],
    eof_token: EOF@5..6 "" [Newline("\n")] [],
}
```

## CST

```
0: R_ROOT@0..6
  0: (empty)
  1: R_EXPRESSION_LIST@0..5
    0: R_BINARY_EXPRESSION@0..5
      0: R_DOUBLE_VALUE@0..1
        0: R_DOUBLE_LITERAL@0..1 "1" [] []
      1: PLUS@1..3 "+" [Whitespace(" ")] []
      2: R_DOUBLE_VALUE@3..5
        0: R_DOUBLE_LITERAL@3..5 "2" [Whitespace(" ")] []
  2: EOF@5..6 "" [Newline("\n")] []

```
