---
source: crates/air_formatter_test/src/snapshot_builder.rs
info: r/value/null_value.R
---
# Input

```R
NULL

```


=============================

# Outputs

## Output 1

-----
Indent style: Tab
Indent width: 2
Line ending: LF
Line width: 80
-----

```R
NULL
```
