---
source: crates/air_r_parser/tests/spec_test.rs
expression: snapshot
---
## Input

```R
TRUE
FALSE

```


## AST

```
RRoot {
    bom_token: missing (optional),
    expressions: RExpressionList [
        RLogicalValue {
            value_token: R_LOGICAL_LITERAL@0..4 "TRUE" [] [],
        },
        RLogicalValue {
            value_token: R_LOGICAL_LITERAL@4..10 "FALSE" [Newline("\n")] [],
        },
    ],
    eof_token: EOF@10..11 "" [Newline("\n")] [],
}
```

## CST

```
0: R_ROOT@0..11
  0: (empty)
  1: R_EXPRESSION_LIST@0..10
    0: R_LOGICAL_VALUE@0..4
      0: R_LOGICAL_LITERAL@0..4 "TRUE" [] []
    1: R_LOGICAL_VALUE@4..10
      0: R_LOGICAL_LITERAL@4..10 "FALSE" [Newline("\n")] []
  2: EOF@10..11 "" [Newline("\n")] []

```
