---
source: crates/air_r_parser/tests/spec_test.rs
expression: snapshot
---
## Input

```R
NULL

```


## AST

```
RRoot {
    bom_token: missing (optional),
    expressions: RExpressionList [
        RNullValue {
            value_token: R_NULL_LITERAL@0..4 "NULL" [] [],
        },
    ],
    eof_token: EOF@4..5 "" [Newline("\n")] [],
}
```

## CST

```
0: R_ROOT@0..5
  0: (empty)
  1: R_EXPRESSION_LIST@0..4
    0: R_NULL_VALUE@0..4
      0: R_NULL_LITERAL@0..4 "NULL" [] []
  2: EOF@4..5 "" [Newline("\n")] []

```
