---
source: crates/settings/src/table.rs
expression: options.table.unwrap()
---

