---
source: crates/lsp/src/handlers_format.rs
expression: output_tab
---
{
	1
}
