---
source: crates/lsp/src/handlers_format.rs
expression: output_8_spaces
---
{
        1
}
